[arcticchallenge.se/index.html]
[backblue.gif]
[fade.gif]
[index.html]
[arcticchallenge.se/imag/favicon.png]
[cdn.jsdelivr.net/jquery/3.1.1/jquery.min.js]
[arcticchallenge.se/js/semantic.js]
[arcticchallenge.se/js/main.min.js]
[arcticchallenge.se/assets/images/hAckAton.png]
[arcticchallenge.se/assets/images/title.png]
[arcticchallenge.se/assets/images/arrow.png]
[arcticchallenge.se/assets/images/stock1.jpg]
[arcticchallenge.se/assets/images/stock3.jpg]
[arcticchallenge.se/assets/images/stock2.jpg]
[arcticchallenge.se/assets/images/1.jpg]
[arcticchallenge.se/assets/images/2.jpg]
[arcticchallenge.se/assets/images/3.jpg]
[arcticchallenge.se/assets/images/4.jpg]
[arcticchallenge.se/assets/images/5.jpg]
[arcticchallenge.se/assets/images/6.jpg]
[arcticchallenge.se/assets/images/7.jpg]
[arcticchallenge.se/img/Acuerdo-logga.png]
[arcticchallenge.se/img/DFS.png]
[arcticchallenge.se/img/LTU.png]
[arcticchallenge.se/img/sk.png]
[arcticchallenge.se/img/abb.png]
[arcticchallenge.se/img/ericsson.png]
[arcticchallenge.se/img/nuiteq.png]
[arcticchallenge.se/img/DA.png]
[arcticchallenge.se/img/Science-city.jpg]
[arcticchallenge.se/img/NextGenerationEU.jpg]
[arcticchallenge.se/img/Skellefteakommun.png]
[arcticchallenge.se/img/EUlogo.png]
[arcticchallenge.se/img/Logo_RVB_RGB.jpg]
[arcticchallenge.se/assets/images/Nuiteq_white.png]
[arcticchallenge.se/index.html]
[arcticchallenge.se/imag/favicon.html]
[arcticchallenge.se/stylesheets/semantic.css]
[arcticchallenge.se/stylesheets/animate.css]
[arcticchallenge.se/assets/AvenirLTStd-Black.otf]
[arcticchallenge.se/assets/AvenirLTStd-Medium.otf]
[arcticchallenge.se/assets/images/aurora.jpg]
[arcticchallenge.se/stylesheets/main.css]
